Archive member included to satisfy reference by file (symbol)

c:/ac6/systemworkbench/plugins/fr.ac6.mcu.externaltools.arm-none.win32_1.17.0.201812190825/tools/compiler/bin/../lib/gcc/arm-none-eabi/7.3.1/../../../../arm-none-eabi/lib/thumb/v7e-m/fpv4-sp/hard\libc.a(lib_a-errno.o)
                              src/syscalls.o (__errno)
c:/ac6/systemworkbench/plugins/fr.ac6.mcu.externaltools.arm-none.win32_1.17.0.201812190825/tools/compiler/bin/../lib/gcc/arm-none-eabi/7.3.1/../../../../arm-none-eabi/lib/thumb/v7e-m/fpv4-sp/hard\libc.a(lib_a-exit.o)
                              c:/ac6/systemworkbench/plugins/fr.ac6.mcu.externaltools.arm-none.win32_1.17.0.201812190825/tools/compiler/bin/../lib/gcc/arm-none-eabi/7.3.1/../../../../arm-none-eabi/lib/thumb/v7e-m/fpv4-sp/hard/crt0.o (exit)
c:/ac6/systemworkbench/plugins/fr.ac6.mcu.externaltools.arm-none.win32_1.17.0.201812190825/tools/compiler/bin/../lib/gcc/arm-none-eabi/7.3.1/../../../../arm-none-eabi/lib/thumb/v7e-m/fpv4-sp/hard\libc.a(lib_a-impure.o)
                              c:/ac6/systemworkbench/plugins/fr.ac6.mcu.externaltools.arm-none.win32_1.17.0.201812190825/tools/compiler/bin/../lib/gcc/arm-none-eabi/7.3.1/../../../../arm-none-eabi/lib/thumb/v7e-m/fpv4-sp/hard\libc.a(lib_a-exit.o) (_global_impure_ptr)
c:/ac6/systemworkbench/plugins/fr.ac6.mcu.externaltools.arm-none.win32_1.17.0.201812190825/tools/compiler/bin/../lib/gcc/arm-none-eabi/7.3.1/../../../../arm-none-eabi/lib/thumb/v7e-m/fpv4-sp/hard\libc.a(lib_a-init.o)
                              c:/ac6/systemworkbench/plugins/fr.ac6.mcu.externaltools.arm-none.win32_1.17.0.201812190825/tools/compiler/bin/../lib/gcc/arm-none-eabi/7.3.1/../../../../arm-none-eabi/lib/thumb/v7e-m/fpv4-sp/hard/crt0.o (__libc_init_array)
c:/ac6/systemworkbench/plugins/fr.ac6.mcu.externaltools.arm-none.win32_1.17.0.201812190825/tools/compiler/bin/../lib/gcc/arm-none-eabi/7.3.1/../../../../arm-none-eabi/lib/thumb/v7e-m/fpv4-sp/hard\libc.a(lib_a-memset.o)
                              c:/ac6/systemworkbench/plugins/fr.ac6.mcu.externaltools.arm-none.win32_1.17.0.201812190825/tools/compiler/bin/../lib/gcc/arm-none-eabi/7.3.1/../../../../arm-none-eabi/lib/thumb/v7e-m/fpv4-sp/hard/crt0.o (memset)
c:/ac6/systemworkbench/plugins/fr.ac6.mcu.externaltools.arm-none.win32_1.17.0.201812190825/tools/compiler/bin/../lib/gcc/arm-none-eabi/7.3.1/../../../../arm-none-eabi/lib/thumb/v7e-m/fpv4-sp/hard\libc.a(lib_a-__call_atexit.o)
                              c:/ac6/systemworkbench/plugins/fr.ac6.mcu.externaltools.arm-none.win32_1.17.0.201812190825/tools/compiler/bin/../lib/gcc/arm-none-eabi/7.3.1/../../../../arm-none-eabi/lib/thumb/v7e-m/fpv4-sp/hard\libc.a(lib_a-exit.o) (__call_exitprocs)
c:/ac6/systemworkbench/plugins/fr.ac6.mcu.externaltools.arm-none.win32_1.17.0.201812190825/tools/compiler/bin/../lib/gcc/arm-none-eabi/7.3.1/../../../../arm-none-eabi/lib/thumb/v7e-m/fpv4-sp/hard\libc.a(lib_a-atexit.o)
                              c:/ac6/systemworkbench/plugins/fr.ac6.mcu.externaltools.arm-none.win32_1.17.0.201812190825/tools/compiler/bin/../lib/gcc/arm-none-eabi/7.3.1/../../../../arm-none-eabi/lib/thumb/v7e-m/fpv4-sp/hard\libc.a(lib_a-__call_atexit.o) (atexit)
c:/ac6/systemworkbench/plugins/fr.ac6.mcu.externaltools.arm-none.win32_1.17.0.201812190825/tools/compiler/bin/../lib/gcc/arm-none-eabi/7.3.1/../../../../arm-none-eabi/lib/thumb/v7e-m/fpv4-sp/hard\libc.a(lib_a-fini.o)
                              c:/ac6/systemworkbench/plugins/fr.ac6.mcu.externaltools.arm-none.win32_1.17.0.201812190825/tools/compiler/bin/../lib/gcc/arm-none-eabi/7.3.1/../../../../arm-none-eabi/lib/thumb/v7e-m/fpv4-sp/hard\libc.a(lib_a-__call_atexit.o) (__libc_fini_array)
c:/ac6/systemworkbench/plugins/fr.ac6.mcu.externaltools.arm-none.win32_1.17.0.201812190825/tools/compiler/bin/../lib/gcc/arm-none-eabi/7.3.1/../../../../arm-none-eabi/lib/thumb/v7e-m/fpv4-sp/hard\libc.a(lib_a-lock.o)
                              c:/ac6/systemworkbench/plugins/fr.ac6.mcu.externaltools.arm-none.win32_1.17.0.201812190825/tools/compiler/bin/../lib/gcc/arm-none-eabi/7.3.1/../../../../arm-none-eabi/lib/thumb/v7e-m/fpv4-sp/hard\libc.a(lib_a-__call_atexit.o) (__retarget_lock_acquire_recursive)
c:/ac6/systemworkbench/plugins/fr.ac6.mcu.externaltools.arm-none.win32_1.17.0.201812190825/tools/compiler/bin/../lib/gcc/arm-none-eabi/7.3.1/../../../../arm-none-eabi/lib/thumb/v7e-m/fpv4-sp/hard\libc.a(lib_a-__atexit.o)
                              c:/ac6/systemworkbench/plugins/fr.ac6.mcu.externaltools.arm-none.win32_1.17.0.201812190825/tools/compiler/bin/../lib/gcc/arm-none-eabi/7.3.1/../../../../arm-none-eabi/lib/thumb/v7e-m/fpv4-sp/hard\libc.a(lib_a-atexit.o) (__register_exitproc)

Allocating common symbols
Common symbol       size              file

__lock___atexit_recursive_mutex
                    0x1               c:/ac6/systemworkbench/plugins/fr.ac6.mcu.externaltools.arm-none.win32_1.17.0.201812190825/tools/compiler/bin/../lib/gcc/arm-none-eabi/7.3.1/../../../../arm-none-eabi/lib/thumb/v7e-m/fpv4-sp/hard\libc.a(lib_a-lock.o)
__lock___arc4random_mutex
                    0x1               c:/ac6/systemworkbench/plugins/fr.ac6.mcu.externaltools.arm-none.win32_1.17.0.201812190825/tools/compiler/bin/../lib/gcc/arm-none-eabi/7.3.1/../../../../arm-none-eabi/lib/thumb/v7e-m/fpv4-sp/hard\libc.a(lib_a-lock.o)
__lock___env_recursive_mutex
                    0x1               c:/ac6/systemworkbench/plugins/fr.ac6.mcu.externaltools.arm-none.win32_1.17.0.201812190825/tools/compiler/bin/../lib/gcc/arm-none-eabi/7.3.1/../../../../arm-none-eabi/lib/thumb/v7e-m/fpv4-sp/hard\libc.a(lib_a-lock.o)
__lock___sinit_recursive_mutex
                    0x1               c:/ac6/systemworkbench/plugins/fr.ac6.mcu.externaltools.arm-none.win32_1.17.0.201812190825/tools/compiler/bin/../lib/gcc/arm-none-eabi/7.3.1/../../../../arm-none-eabi/lib/thumb/v7e-m/fpv4-sp/hard\libc.a(lib_a-lock.o)
__lock___malloc_recursive_mutex
                    0x1               c:/ac6/systemworkbench/plugins/fr.ac6.mcu.externaltools.arm-none.win32_1.17.0.201812190825/tools/compiler/bin/../lib/gcc/arm-none-eabi/7.3.1/../../../../arm-none-eabi/lib/thumb/v7e-m/fpv4-sp/hard\libc.a(lib_a-lock.o)
adc_buffer          0x400             src/DMA_config.o
__lock___at_quick_exit_mutex
                    0x1               c:/ac6/systemworkbench/plugins/fr.ac6.mcu.externaltools.arm-none.win32_1.17.0.201812190825/tools/compiler/bin/../lib/gcc/arm-none-eabi/7.3.1/../../../../arm-none-eabi/lib/thumb/v7e-m/fpv4-sp/hard\libc.a(lib_a-lock.o)
__lock___dd_hash_mutex
                    0x1               c:/ac6/systemworkbench/plugins/fr.ac6.mcu.externaltools.arm-none.win32_1.17.0.201812190825/tools/compiler/bin/../lib/gcc/arm-none-eabi/7.3.1/../../../../arm-none-eabi/lib/thumb/v7e-m/fpv4-sp/hard\libc.a(lib_a-lock.o)
__lock___tz_mutex   0x1               c:/ac6/systemworkbench/plugins/fr.ac6.mcu.externaltools.arm-none.win32_1.17.0.201812190825/tools/compiler/bin/../lib/gcc/arm-none-eabi/7.3.1/../../../../arm-none-eabi/lib/thumb/v7e-m/fpv4-sp/hard\libc.a(lib_a-lock.o)
__lock___sfp_recursive_mutex
                    0x1               c:/ac6/systemworkbench/plugins/fr.ac6.mcu.externaltools.arm-none.win32_1.17.0.201812190825/tools/compiler/bin/../lib/gcc/arm-none-eabi/7.3.1/../../../../arm-none-eabi/lib/thumb/v7e-m/fpv4-sp/hard\libc.a(lib_a-lock.o)

Discarded input sections

 .text          0x00000000        0x0 c:/ac6/systemworkbench/plugins/fr.ac6.mcu.externaltools.arm-none.win32_1.17.0.201812190825/tools/compiler/bin/../lib/gcc/arm-none-eabi/7.3.1/thumb/v7e-m/fpv4-sp/hard/crti.o
 .data          0x00000000        0x0 c:/ac6/systemworkbench/plugins/fr.ac6.mcu.externaltools.arm-none.win32_1.17.0.201812190825/tools/compiler/bin/../lib/gcc/arm-none-eabi/7.3.1/thumb/v7e-m/fpv4-sp/hard/crti.o
 .bss           0x00000000        0x0 c:/ac6/systemworkbench/plugins/fr.ac6.mcu.externaltools.arm-none.win32_1.17.0.201812190825/tools/compiler/bin/../lib/gcc/arm-none-eabi/7.3.1/thumb/v7e-m/fpv4-sp/hard/crti.o
 .data          0x00000000        0x4 c:/ac6/systemworkbench/plugins/fr.ac6.mcu.externaltools.arm-none.win32_1.17.0.201812190825/tools/compiler/bin/../lib/gcc/arm-none-eabi/7.3.1/thumb/v7e-m/fpv4-sp/hard/crtbegin.o
 .text          0x00000000       0x74 c:/ac6/systemworkbench/plugins/fr.ac6.mcu.externaltools.arm-none.win32_1.17.0.201812190825/tools/compiler/bin/../lib/gcc/arm-none-eabi/7.3.1/../../../../arm-none-eabi/lib/thumb/v7e-m/fpv4-sp/hard/crt0.o
 .data          0x00000000        0x0 c:/ac6/systemworkbench/plugins/fr.ac6.mcu.externaltools.arm-none.win32_1.17.0.201812190825/tools/compiler/bin/../lib/gcc/arm-none-eabi/7.3.1/../../../../arm-none-eabi/lib/thumb/v7e-m/fpv4-sp/hard/crt0.o
 .bss           0x00000000        0x0 c:/ac6/systemworkbench/plugins/fr.ac6.mcu.externaltools.arm-none.win32_1.17.0.201812190825/tools/compiler/bin/../lib/gcc/arm-none-eabi/7.3.1/../../../../arm-none-eabi/lib/thumb/v7e-m/fpv4-sp/hard/crt0.o
 .ARM.extab     0x00000000        0x0 c:/ac6/systemworkbench/plugins/fr.ac6.mcu.externaltools.arm-none.win32_1.17.0.201812190825/tools/compiler/bin/../lib/gcc/arm-none-eabi/7.3.1/../../../../arm-none-eabi/lib/thumb/v7e-m/fpv4-sp/hard/crt0.o
 .ARM.exidx     0x00000000        0x8 c:/ac6/systemworkbench/plugins/fr.ac6.mcu.externaltools.arm-none.win32_1.17.0.201812190825/tools/compiler/bin/../lib/gcc/arm-none-eabi/7.3.1/../../../../arm-none-eabi/lib/thumb/v7e-m/fpv4-sp/hard/crt0.o
 .ARM.attributes
                0x00000000       0x20 c:/ac6/systemworkbench/plugins/fr.ac6.mcu.externaltools.arm-none.win32_1.17.0.201812190825/tools/compiler/bin/../lib/gcc/arm-none-eabi/7.3.1/../../../../arm-none-eabi/lib/thumb/v7e-m/fpv4-sp/hard/crt0.o
 .group         0x00000000        0xc src/DMA_config.o
 .group         0x00000000        0xc src/DMA_config.o
 .group         0x00000000        0xc src/DMA_config.o
 .group         0x00000000        0xc src/DMA_config.o
 .group         0x00000000        0xc src/DMA_config.o
 .group         0x00000000        0xc src/DMA_config.o
 .group         0x00000000        0xc src/DMA_config.o
 .group         0x00000000        0xc src/DMA_config.o
 .group         0x00000000        0xc src/DMA_config.o
 .group         0x00000000        0xc src/DMA_config.o
 .group         0x00000000        0xc src/DMA_config.o
 .group         0x00000000        0xc src/DMA_config.o
 .group         0x00000000        0xc src/DMA_config.o
 .group         0x00000000        0xc src/DMA_config.o
 .group         0x00000000        0xc src/DMA_config.o
 .group         0x00000000        0xc src/DMA_config.o
 .group         0x00000000        0xc src/DMA_config.o
 .group         0x00000000        0xc src/DMA_config.o
 .text          0x00000000        0x0 src/DMA_config.o
 .data          0x00000000        0x0 src/DMA_config.o
 .bss           0x00000000        0x0 src/DMA_config.o
 .group         0x00000000        0xc src/GPIO_init.o
 .group         0x00000000        0xc src/GPIO_init.o
 .group         0x00000000        0xc src/GPIO_init.o
 .group         0x00000000        0xc src/GPIO_init.o
 .group         0x00000000        0xc src/GPIO_init.o
 .group         0x00000000        0xc src/GPIO_init.o
 .group         0x00000000        0xc src/GPIO_init.o
 .group         0x00000000        0xc src/GPIO_init.o
 .group         0x00000000        0xc src/GPIO_init.o
 .group         0x00000000        0xc src/GPIO_init.o
 .group         0x00000000        0xc src/GPIO_init.o
 .group         0x00000000        0xc src/GPIO_init.o
 .group         0x00000000        0xc src/GPIO_init.o
 .group         0x00000000        0xc src/GPIO_init.o
 .group         0x00000000        0xc src/GPIO_init.o
 .group         0x00000000        0xc src/GPIO_init.o
 .text          0x00000000        0x0 src/GPIO_init.o
 .data          0x00000000        0x0 src/GPIO_init.o
 .bss           0x00000000        0x0 src/GPIO_init.o
 .debug_macro   0x00000000      0xa6c src/GPIO_init.o
 .debug_macro   0x00000000       0x2c src/GPIO_init.o
 .debug_macro   0x00000000       0x28 src/GPIO_init.o
 .debug_macro   0x00000000       0x22 src/GPIO_init.o
 .debug_macro   0x00000000       0x8e src/GPIO_init.o
 .debug_macro   0x00000000       0x51 src/GPIO_init.o
 .debug_macro   0x00000000       0xef src/GPIO_init.o
 .debug_macro   0x00000000       0x6a src/GPIO_init.o
 .debug_macro   0x00000000      0x1df src/GPIO_init.o
 .debug_macro   0x00000000       0x1c src/GPIO_init.o
 .debug_macro   0x00000000       0x22 src/GPIO_init.o
 .debug_macro   0x00000000       0xdf src/GPIO_init.o
 .debug_macro   0x00000000     0x102d src/GPIO_init.o
 .debug_macro   0x00000000      0x11f src/GPIO_init.o
 .debug_macro   0x00000000     0x9c8f src/GPIO_init.o
 .debug_macro   0x00000000       0x43 src/GPIO_init.o
 .group         0x00000000        0xc src/TIM_config.o
 .group         0x00000000        0xc src/TIM_config.o
 .group         0x00000000        0xc src/TIM_config.o
 .group         0x00000000        0xc src/TIM_config.o
 .group         0x00000000        0xc src/TIM_config.o
 .group         0x00000000        0xc src/TIM_config.o
 .group         0x00000000        0xc src/TIM_config.o
 .group         0x00000000        0xc src/TIM_config.o
 .group         0x00000000        0xc src/TIM_config.o
 .group         0x00000000        0xc src/TIM_config.o
 .group         0x00000000        0xc src/TIM_config.o
 .group         0x00000000        0xc src/TIM_config.o
 .group         0x00000000        0xc src/TIM_config.o
 .group         0x00000000        0xc src/TIM_config.o
 .group         0x00000000        0xc src/TIM_config.o
 .group         0x00000000        0xc src/TIM_config.o
 .text          0x00000000        0x0 src/TIM_config.o
 .data          0x00000000        0x0 src/TIM_config.o
 .bss           0x00000000        0x0 src/TIM_config.o
 .debug_macro   0x00000000      0xa6c src/TIM_config.o
 .debug_macro   0x00000000       0x2c src/TIM_config.o
 .debug_macro   0x00000000       0x28 src/TIM_config.o
 .debug_macro   0x00000000       0x22 src/TIM_config.o
 .debug_macro   0x00000000       0x8e src/TIM_config.o
 .debug_macro   0x00000000       0x51 src/TIM_config.o
 .debug_macro   0x00000000       0xef src/TIM_config.o
 .debug_macro   0x00000000       0x6a src/TIM_config.o
 .debug_macro   0x00000000      0x1df src/TIM_config.o
 .debug_macro   0x00000000       0x1c src/TIM_config.o
 .debug_macro   0x00000000       0x22 src/TIM_config.o
 .debug_macro   0x00000000       0xdf src/TIM_config.o
 .debug_macro   0x00000000     0x102d src/TIM_config.o
 .debug_macro   0x00000000      0x11f src/TIM_config.o
 .debug_macro   0x00000000     0x9c8f src/TIM_config.o
 .debug_macro   0x00000000       0x43 src/TIM_config.o
 .group         0x00000000        0xc src/USART_config.o
 .group         0x00000000        0xc src/USART_config.o
 .group         0x00000000        0xc src/USART_config.o
 .group         0x00000000        0xc src/USART_config.o
 .group         0x00000000        0xc src/USART_config.o
 .group         0x00000000        0xc src/USART_config.o
 .group         0x00000000        0xc src/USART_config.o
 .group         0x00000000        0xc src/USART_config.o
 .group         0x00000000        0xc src/USART_config.o
 .group         0x00000000        0xc src/USART_config.o
 .group         0x00000000        0xc src/USART_config.o
 .group         0x00000000        0xc src/USART_config.o
 .group         0x00000000        0xc src/USART_config.o
 .group         0x00000000        0xc src/USART_config.o
 .group         0x00000000        0xc src/USART_config.o
 .group         0x00000000        0xc src/USART_config.o
 .text          0x00000000        0x0 src/USART_config.o
 .data          0x00000000        0x0 src/USART_config.o
 .bss           0x00000000        0x0 src/USART_config.o
 .text.USART1_send_string
                0x00000000       0x28 src/USART_config.o
 .debug_macro   0x00000000      0xa6c src/USART_config.o
 .debug_macro   0x00000000       0x2c src/USART_config.o
 .debug_macro   0x00000000       0x28 src/USART_config.o
 .debug_macro   0x00000000       0x22 src/USART_config.o
 .debug_macro   0x00000000       0x8e src/USART_config.o
 .debug_macro   0x00000000       0x51 src/USART_config.o
 .debug_macro   0x00000000       0xef src/USART_config.o
 .debug_macro   0x00000000       0x6a src/USART_config.o
 .debug_macro   0x00000000      0x1df src/USART_config.o
 .debug_macro   0x00000000       0x1c src/USART_config.o
 .debug_macro   0x00000000       0x22 src/USART_config.o
 .debug_macro   0x00000000       0xdf src/USART_config.o
 .debug_macro   0x00000000     0x102d src/USART_config.o
 .debug_macro   0x00000000      0x11f src/USART_config.o
 .debug_macro   0x00000000     0x9c8f src/USART_config.o
 .debug_macro   0x00000000       0x43 src/USART_config.o
 .group         0x00000000        0xc src/adc_config.o
 .group         0x00000000        0xc src/adc_config.o
 .group         0x00000000        0xc src/adc_config.o
 .group         0x00000000        0xc src/adc_config.o
 .group         0x00000000        0xc src/adc_config.o
 .group         0x00000000        0xc src/adc_config.o
 .group         0x00000000        0xc src/adc_config.o
 .group         0x00000000        0xc src/adc_config.o
 .group         0x00000000        0xc src/adc_config.o
 .group         0x00000000        0xc src/adc_config.o
 .group         0x00000000        0xc src/adc_config.o
 .group         0x00000000        0xc src/adc_config.o
 .group         0x00000000        0xc src/adc_config.o
 .group         0x00000000        0xc src/adc_config.o
 .group         0x00000000        0xc src/adc_config.o
 .group         0x00000000        0xc src/adc_config.o
 .text          0x00000000        0x0 src/adc_config.o
 .data          0x00000000        0x0 src/adc_config.o
 .bss           0x00000000        0x0 src/adc_config.o
 .text.ADC1_read
                0x00000000       0x44 src/adc_config.o
 .debug_macro   0x00000000      0xa6c src/adc_config.o
 .debug_macro   0x00000000       0x2c src/adc_config.o
 .debug_macro   0x00000000       0x28 src/adc_config.o
 .debug_macro   0x00000000       0x22 src/adc_config.o
 .debug_macro   0x00000000       0x8e src/adc_config.o
 .debug_macro   0x00000000       0x51 src/adc_config.o
 .debug_macro   0x00000000       0xef src/adc_config.o
 .debug_macro   0x00000000       0x6a src/adc_config.o
 .debug_macro   0x00000000      0x1df src/adc_config.o
 .debug_macro   0x00000000       0x1c src/adc_config.o
 .debug_macro   0x00000000       0x22 src/adc_config.o
 .debug_macro   0x00000000       0xdf src/adc_config.o
 .debug_macro   0x00000000     0x102d src/adc_config.o
 .debug_macro   0x00000000      0x11f src/adc_config.o
 .debug_macro   0x00000000     0x9c8f src/adc_config.o
 .debug_macro   0x00000000       0x43 src/adc_config.o
 .group         0x00000000        0xc src/main.o
 .group         0x00000000        0xc src/main.o
 .group         0x00000000        0xc src/main.o
 .group         0x00000000        0xc src/main.o
 .group         0x00000000        0xc src/main.o
 .group         0x00000000        0xc src/main.o
 .group         0x00000000        0xc src/main.o
 .group         0x00000000        0xc src/main.o
 .group         0x00000000        0xc src/main.o
 .group         0x00000000        0xc src/main.o
 .group         0x00000000        0xc src/main.o
 .group         0x00000000        0xc src/main.o
 .group         0x00000000        0xc src/main.o
 .group         0x00000000        0xc src/main.o
 .group         0x00000000        0xc src/main.o
 .group         0x00000000        0xc src/main.o
 .group         0x00000000        0xc src/main.o
 .group         0x00000000        0xc src/main.o
 .group         0x00000000        0xc src/main.o
 .group         0x00000000        0xc src/main.o
 .group         0x00000000        0xc src/main.o
 .group         0x00000000        0xc src/main.o
 .group         0x00000000        0xc src/main.o
 .group         0x00000000        0xc src/main.o
 .group         0x00000000        0xc src/main.o
 .group         0x00000000        0xc src/main.o
 .group         0x00000000        0xc src/main.o
 .group         0x00000000        0xc src/main.o
 .group         0x00000000        0xc src/main.o
 .group         0x00000000        0xc src/main.o
 .group         0x00000000        0xc src/main.o
 .group         0x00000000        0xc src/main.o
 .group         0x00000000        0xc src/main.o
 .group         0x00000000        0xc src/main.o
 .group         0x00000000        0xc src/main.o
 .group         0x00000000        0xc src/main.o
 .group         0x00000000        0xc src/main.o
 .group         0x00000000        0xc src/main.o
 .group         0x00000000        0xc src/main.o
 .group         0x00000000        0xc src/main.o
 .group         0x00000000        0xc src/main.o
 .group         0x00000000        0xc src/main.o
 .group         0x00000000        0xc src/main.o
 .text          0x00000000        0x0 src/main.o
 .data          0x00000000        0x0 src/main.o
 .bss           0x00000000        0x0 src/main.o
 .text.TIM1_UP_TIM10_IRQHandler
                0x00000000       0x3c src/main.o
 .debug_macro   0x00000000      0xa6c src/main.o
 .debug_macro   0x00000000       0x2c src/main.o
 .debug_macro   0x00000000       0x28 src/main.o
 .debug_macro   0x00000000       0x22 src/main.o
 .debug_macro   0x00000000       0x8e src/main.o
 .debug_macro   0x00000000       0x51 src/main.o
 .debug_macro   0x00000000       0xef src/main.o
 .debug_macro   0x00000000       0x6a src/main.o
 .debug_macro   0x00000000      0x1df src/main.o
 .debug_macro   0x00000000       0x1c src/main.o
 .debug_macro   0x00000000       0x22 src/main.o
 .debug_macro   0x00000000       0xdf src/main.o
 .debug_macro   0x00000000     0x102d src/main.o
 .debug_macro   0x00000000      0x11f src/main.o
 .debug_macro   0x00000000     0x9c8f src/main.o
 .debug_macro   0x00000000       0x43 src/main.o
 .debug_macro   0x00000000       0x10 src/main.o
 .group         0x00000000        0xc src/stm32f4xx_it.o
 .group         0x00000000        0xc src/stm32f4xx_it.o
 .group         0x00000000        0xc src/stm32f4xx_it.o
 .group         0x00000000        0xc src/stm32f4xx_it.o
 .group         0x00000000        0xc src/stm32f4xx_it.o
 .group         0x00000000        0xc src/stm32f4xx_it.o
 .group         0x00000000        0xc src/stm32f4xx_it.o
 .group         0x00000000        0xc src/stm32f4xx_it.o
 .group         0x00000000        0xc src/stm32f4xx_it.o
 .group         0x00000000        0xc src/stm32f4xx_it.o
 .group         0x00000000        0xc src/stm32f4xx_it.o
 .group         0x00000000        0xc src/stm32f4xx_it.o
 .group         0x00000000        0xc src/stm32f4xx_it.o
 .group         0x00000000        0xc src/stm32f4xx_it.o
 .group         0x00000000        0xc src/stm32f4xx_it.o
 .group         0x00000000        0xc src/stm32f4xx_it.o
 .text          0x00000000        0x0 src/stm32f4xx_it.o
 .data          0x00000000        0x0 src/stm32f4xx_it.o
 .bss           0x00000000        0x0 src/stm32f4xx_it.o
 .debug_macro   0x00000000      0xa6c src/stm32f4xx_it.o
 .debug_macro   0x00000000       0x2c src/stm32f4xx_it.o
 .debug_macro   0x00000000       0x28 src/stm32f4xx_it.o
 .debug_macro   0x00000000       0x22 src/stm32f4xx_it.o
 .debug_macro   0x00000000       0x8e src/stm32f4xx_it.o
 .debug_macro   0x00000000       0x51 src/stm32f4xx_it.o
 .debug_macro   0x00000000       0xef src/stm32f4xx_it.o
 .debug_macro   0x00000000       0x6a src/stm32f4xx_it.o
 .debug_macro   0x00000000      0x1df src/stm32f4xx_it.o
 .debug_macro   0x00000000       0x1c src/stm32f4xx_it.o
 .debug_macro   0x00000000       0x22 src/stm32f4xx_it.o
 .debug_macro   0x00000000       0xdf src/stm32f4xx_it.o
 .debug_macro   0x00000000     0x102d src/stm32f4xx_it.o
 .debug_macro   0x00000000      0x11f src/stm32f4xx_it.o
 .debug_macro   0x00000000     0x9c8f src/stm32f4xx_it.o
 .debug_macro   0x00000000       0x43 src/stm32f4xx_it.o
 .group         0x00000000        0xc src/syscalls.o
 .group         0x00000000        0xc src/syscalls.o
 .group         0x00000000        0xc src/syscalls.o
 .group         0x00000000        0xc src/syscalls.o
 .group         0x00000000        0xc src/syscalls.o
 .group         0x00000000        0xc src/syscalls.o
 .group         0x00000000        0xc src/syscalls.o
 .group         0x00000000        0xc src/syscalls.o
 .group         0x00000000        0xc src/syscalls.o
 .group         0x00000000        0xc src/syscalls.o
 .group         0x00000000        0xc src/syscalls.o
 .group         0x00000000        0xc src/syscalls.o
 .group         0x00000000        0xc src/syscalls.o
 .group         0x00000000        0xc src/syscalls.o
 .group         0x00000000        0xc src/syscalls.o
 .group         0x00000000        0xc src/syscalls.o
 .group         0x00000000        0xc src/syscalls.o
 .group         0x00000000        0xc src/syscalls.o
 .group         0x00000000        0xc src/syscalls.o
 .group         0x00000000        0xc src/syscalls.o
 .group         0x00000000        0xc src/syscalls.o
 .group         0x00000000        0xc src/syscalls.o
 .group         0x00000000        0xc src/syscalls.o
 .group         0x00000000        0xc src/syscalls.o
 .group         0x00000000        0xc src/syscalls.o
 .group         0x00000000        0xc src/syscalls.o
 .group         0x00000000        0xc src/syscalls.o
 .group         0x00000000        0xc src/syscalls.o
 .group         0x00000000        0xc src/syscalls.o
 .group         0x00000000        0xc src/syscalls.o
 .group         0x00000000        0xc src/syscalls.o
 .group         0x00000000        0xc src/syscalls.o
 .group         0x00000000        0xc src/syscalls.o
 .group         0x00000000        0xc src/syscalls.o
 .group         0x00000000        0xc src/syscalls.o
 .group         0x00000000        0xc src/syscalls.o
 .group         0x00000000        0xc src/syscalls.o
 .group         0x00000000        0xc src/syscalls.o
 .group         0x00000000        0xc src/syscalls.o
 .group         0x00000000        0xc src/syscalls.o
 .group         0x00000000        0xc src/syscalls.o
 .group         0x00000000        0xc src/syscalls.o
 .group         0x00000000        0xc src/syscalls.o
 .group         0x00000000        0xc src/syscalls.o
 .text          0x00000000        0x0 src/syscalls.o
 .data          0x00000000        0x4 src/syscalls.o
 .bss           0x00000000        0x8 src/syscalls.o
 .text.initialise_monitor_handles
                0x00000000        0xe src/syscalls.o
 .text._getpid  0x00000000       0x10 src/syscalls.o
 .text._kill    0x00000000       0x20 src/syscalls.o
 .text._exit    0x00000000       0x14 src/syscalls.o
 .text._read    0x00000000       0x3a src/syscalls.o
 .text._write   0x00000000       0x38 src/syscalls.o
 .text._sbrk    0x00000000       0x58 src/syscalls.o
 .text._close   0x00000000       0x18 src/syscalls.o
 .text._fstat   0x00000000       0x20 src/syscalls.o
 .text._isatty  0x00000000       0x16 src/syscalls.o
 .text._lseek   0x00000000       0x1a src/syscalls.o
 .text._open    0x00000000       0x1c src/syscalls.o
 .text._wait    0x00000000       0x1e src/syscalls.o
 .text._unlink  0x00000000       0x1e src/syscalls.o
 .text._times   0x00000000       0x18 src/syscalls.o
 .text._stat    0x00000000       0x20 src/syscalls.o
 .text._link    0x00000000       0x20 src/syscalls.o
 .text._fork    0x00000000       0x16 src/syscalls.o
 .text._execve  0x00000000       0x22 src/syscalls.o
 .debug_info    0x00000000      0xf2e src/syscalls.o
 .debug_abbrev  0x00000000      0x2aa src/syscalls.o
 .debug_aranges
                0x00000000       0xb0 src/syscalls.o
 .debug_ranges  0x00000000       0xa0 src/syscalls.o
 .debug_macro   0x00000000      0x243 src/syscalls.o
 .debug_macro   0x00000000      0xa6c src/syscalls.o
 .debug_macro   0x00000000       0x22 src/syscalls.o
 .debug_macro   0x00000000       0x58 src/syscalls.o
 .debug_macro   0x00000000       0x18 src/syscalls.o
 .debug_macro   0x00000000       0x94 src/syscalls.o
 .debug_macro   0x00000000       0x35 src/syscalls.o
 .debug_macro   0x00000000       0x34 src/syscalls.o
 .debug_macro   0x00000000       0x57 src/syscalls.o
 .debug_macro   0x00000000      0x174 src/syscalls.o
 .debug_macro   0x00000000      0x330 src/syscalls.o
 .debug_macro   0x00000000       0x58 src/syscalls.o
 .debug_macro   0x00000000       0x1f src/syscalls.o
 .debug_macro   0x00000000       0x43 src/syscalls.o
 .debug_macro   0x00000000       0x20 src/syscalls.o
 .debug_macro   0x00000000      0x18e src/syscalls.o
 .debug_macro   0x00000000       0x10 src/syscalls.o
 .debug_macro   0x00000000       0x35 src/syscalls.o
 .debug_macro   0x00000000       0x10 src/syscalls.o
 .debug_macro   0x00000000       0x10 src/syscalls.o
 .debug_macro   0x00000000       0x10 src/syscalls.o
 .debug_macro   0x00000000       0x6a src/syscalls.o
 .debug_macro   0x00000000       0x1c src/syscalls.o
 .debug_macro   0x00000000       0x52 src/syscalls.o
 .debug_macro   0x00000000       0x40 src/syscalls.o
 .debug_macro   0x00000000       0x10 src/syscalls.o
 .debug_macro   0x00000000       0x40 src/syscalls.o
 .debug_macro   0x00000000       0xd7 src/syscalls.o
 .debug_macro   0x00000000       0x1c src/syscalls.o
 .debug_macro   0x00000000       0x3d src/syscalls.o
 .debug_macro   0x00000000       0x35 src/syscalls.o
 .debug_macro   0x00000000      0x122 src/syscalls.o
 .debug_macro   0x00000000       0x16 src/syscalls.o
 .debug_macro   0x00000000       0x16 src/syscalls.o
 .debug_macro   0x00000000       0x29 src/syscalls.o
 .debug_macro   0x00000000       0x10 src/syscalls.o
 .debug_macro   0x00000000      0x241 src/syscalls.o
 .debug_macro   0x00000000       0x1c src/syscalls.o
 .debug_macro   0x00000000       0x10 src/syscalls.o
 .debug_macro   0x00000000       0x10 src/syscalls.o
 .debug_macro   0x00000000       0x16 src/syscalls.o
 .debug_macro   0x00000000      0x16f src/syscalls.o
 .debug_macro   0x00000000      0x189 src/syscalls.o
 .debug_macro   0x00000000       0x16 src/syscalls.o
 .debug_macro   0x00000000       0x88 src/syscalls.o
 .debug_line    0x00000000      0x5df src/syscalls.o
 .debug_str     0x00000000     0x8592 src/syscalls.o
 .comment       0x00000000       0x80 src/syscalls.o
 .debug_frame   0x00000000      0x2d0 src/syscalls.o
 .ARM.attributes
                0x00000000       0x39 src/syscalls.o
 .group         0x00000000        0xc src/system_stm32f4xx.o
 .group         0x00000000        0xc src/system_stm32f4xx.o
 .group         0x00000000        0xc src/system_stm32f4xx.o
 .group         0x00000000        0xc src/system_stm32f4xx.o
 .group         0x00000000        0xc src/system_stm32f4xx.o
 .group         0x00000000        0xc src/system_stm32f4xx.o
 .group         0x00000000        0xc src/system_stm32f4xx.o
 .group         0x00000000        0xc src/system_stm32f4xx.o
 .group         0x00000000        0xc src/system_stm32f4xx.o
 .group         0x00000000        0xc src/system_stm32f4xx.o
 .group         0x00000000        0xc src/system_stm32f4xx.o
 .group         0x00000000        0xc src/system_stm32f4xx.o
 .group         0x00000000        0xc src/system_stm32f4xx.o
 .group         0x00000000        0xc src/system_stm32f4xx.o
 .group         0x00000000        0xc src/system_stm32f4xx.o
 .group         0x00000000        0xc src/system_stm32f4xx.o
 .text          0x00000000        0x0 src/system_stm32f4xx.o
 .bss           0x00000000        0x0 src/system_stm32f4xx.o
 .debug_macro   0x00000000      0xa6c src/system_stm32f4xx.o
 .debug_macro   0x00000000       0x2c src/system_stm32f4xx.o
 .debug_macro   0x00000000       0x28 src/system_stm32f4xx.o
 .debug_macro   0x00000000       0x22 src/system_stm32f4xx.o
 .debug_macro   0x00000000       0x8e src/system_stm32f4xx.o
 .debug_macro   0x00000000       0x51 src/system_stm32f4xx.o
 .debug_macro   0x00000000       0xef src/system_stm32f4xx.o
 .debug_macro   0x00000000       0x6a src/system_stm32f4xx.o
 .debug_macro   0x00000000      0x1df src/system_stm32f4xx.o
 .debug_macro   0x00000000       0x1c src/system_stm32f4xx.o
 .debug_macro   0x00000000       0x22 src/system_stm32f4xx.o
 .debug_macro   0x00000000       0xdf src/system_stm32f4xx.o
 .debug_macro   0x00000000     0x102d src/system_stm32f4xx.o
 .debug_macro   0x00000000      0x11f src/system_stm32f4xx.o
 .debug_macro   0x00000000     0x9c8f src/system_stm32f4xx.o
 .debug_macro   0x00000000       0x43 src/system_stm32f4xx.o
 .text          0x00000000       0x14 startup/startup_stm32f410rx.o
 .data          0x00000000        0x0 startup/startup_stm32f410rx.o
 .bss           0x00000000        0x0 startup/startup_stm32f410rx.o
 .text          0x00000000        0x0 c:/ac6/systemworkbench/plugins/fr.ac6.mcu.externaltools.arm-none.win32_1.17.0.201812190825/tools/compiler/bin/../lib/gcc/arm-none-eabi/7.3.1/../../../../arm-none-eabi/lib/thumb/v7e-m/fpv4-sp/hard\libc.a(lib_a-errno.o)
 .data          0x00000000        0x0 c:/ac6/systemworkbench/plugins/fr.ac6.mcu.externaltools.arm-none.win32_1.17.0.201812190825/tools/compiler/bin/../lib/gcc/arm-none-eabi/7.3.1/../../../../arm-none-eabi/lib/thumb/v7e-m/fpv4-sp/hard\libc.a(lib_a-errno.o)
 .bss           0x00000000        0x0 c:/ac6/systemworkbench/plugins/fr.ac6.mcu.externaltools.arm-none.win32_1.17.0.201812190825/tools/compiler/bin/../lib/gcc/arm-none-eabi/7.3.1/../../../../arm-none-eabi/lib/thumb/v7e-m/fpv4-sp/hard\libc.a(lib_a-errno.o)
 .text.__errno  0x00000000        0xc c:/ac6/systemworkbench/plugins/fr.ac6.mcu.externaltools.arm-none.win32_1.17.0.201812190825/tools/compiler/bin/../lib/gcc/arm-none-eabi/7.3.1/../../../../arm-none-eabi/lib/thumb/v7e-m/fpv4-sp/hard\libc.a(lib_a-errno.o)
 .debug_frame   0x00000000       0x20 c:/ac6/systemworkbench/plugins/fr.ac6.mcu.externaltools.arm-none.win32_1.17.0.201812190825/tools/compiler/bin/../lib/gcc/arm-none-eabi/7.3.1/../../../../arm-none-eabi/lib/thumb/v7e-m/fpv4-sp/hard\libc.a(lib_a-errno.o)
 .ARM.attributes
                0x00000000       0x34 c:/ac6/systemworkbench/plugins/fr.ac6.mcu.externaltools.arm-none.win32_1.17.0.201812190825/tools/compiler/bin/../lib/gcc/arm-none-eabi/7.3.1/../../../../arm-none-eabi/lib/thumb/v7e-m/fpv4-sp/hard\libc.a(lib_a-errno.o)
 .text          0x00000000        0x0 c:/ac6/systemworkbench/plugins/fr.ac6.mcu.externaltools.arm-none.win32_1.17.0.201812190825/tools/compiler/bin/../lib/gcc/arm-none-eabi/7.3.1/../../../../arm-none-eabi/lib/thumb/v7e-m/fpv4-sp/hard\libc.a(lib_a-exit.o)
 .data          0x00000000        0x0 c:/ac6/systemworkbench/plugins/fr.ac6.mcu.externaltools.arm-none.win32_1.17.0.201812190825/tools/compiler/bin/../lib/gcc/arm-none-eabi/7.3.1/../../../../arm-none-eabi/lib/thumb/v7e-m/fpv4-sp/hard\libc.a(lib_a-exit.o)
 .bss           0x00000000        0x0 c:/ac6/systemworkbench/plugins/fr.ac6.mcu.externaltools.arm-none.win32_1.17.0.201812190825/tools/compiler/bin/../lib/gcc/arm-none-eabi/7.3.1/../../../../arm-none-eabi/lib/thumb/v7e-m/fpv4-sp/hard\libc.a(lib_a-exit.o)
 .text.exit     0x00000000       0x20 c:/ac6/systemworkbench/plugins/fr.ac6.mcu.externaltools.arm-none.win32_1.17.0.201812190825/tools/compiler/bin/../lib/gcc/arm-none-eabi/7.3.1/../../../../arm-none-eabi/lib/thumb/v7e-m/fpv4-sp/hard\libc.a(lib_a-exit.o)
 .debug_frame   0x00000000       0x28 c:/ac6/systemworkbench/plugins/fr.ac6.mcu.externaltools.arm-none.win32_1.17.0.201812190825/tools/compiler/bin/../lib/gcc/arm-none-eabi/7.3.1/../../../../arm-none-eabi/lib/thumb/v7e-m/fpv4-sp/hard\libc.a(lib_a-exit.o)
 .ARM.attributes
                0x00000000       0x34 c:/ac6/systemworkbench/plugins/fr.ac6.mcu.externaltools.arm-none.win32_1.17.0.201812190825/tools/compiler/bin/../lib/gcc/arm-none-eabi/7.3.1/../../../../arm-none-eabi/lib/thumb/v7e-m/fpv4-sp/hard\libc.a(lib_a-exit.o)
 .text          0x00000000        0x0 c:/ac6/systemworkbench/plugins/fr.ac6.mcu.externaltools.arm-none.win32_1.17.0.201812190825/tools/compiler/bin/../lib/gcc/arm-none-eabi/7.3.1/../../../../arm-none-eabi/lib/thumb/v7e-m/fpv4-sp/hard\libc.a(lib_a-impure.o)
 .data          0x00000000        0x0 c:/ac6/systemworkbench/plugins/fr.ac6.mcu.externaltools.arm-none.win32_1.17.0.201812190825/tools/compiler/bin/../lib/gcc/arm-none-eabi/7.3.1/../../../../arm-none-eabi/lib/thumb/v7e-m/fpv4-sp/hard\libc.a(lib_a-impure.o)
 .bss           0x00000000        0x0 c:/ac6/systemworkbench/plugins/fr.ac6.mcu.externaltools.arm-none.win32_1.17.0.201812190825/tools/compiler/bin/../lib/gcc/arm-none-eabi/7.3.1/../../../../arm-none-eabi/lib/thumb/v7e-m/fpv4-sp/hard\libc.a(lib_a-impure.o)
 .data._impure_ptr
                0x00000000        0x4 c:/ac6/systemworkbench/plugins/fr.ac6.mcu.externaltools.arm-none.win32_1.17.0.201812190825/tools/compiler/bin/../lib/gcc/arm-none-eabi/7.3.1/../../../../arm-none-eabi/lib/thumb/v7e-m/fpv4-sp/hard\libc.a(lib_a-impure.o)
 .text          0x00000000        0x0 c:/ac6/systemworkbench/plugins/fr.ac6.mcu.externaltools.arm-none.win32_1.17.0.201812190825/tools/compiler/bin/../lib/gcc/arm-none-eabi/7.3.1/../../../../arm-none-eabi/lib/thumb/v7e-m/fpv4-sp/hard\libc.a(lib_a-init.o)
 .data          0x00000000        0x0 c:/ac6/systemworkbench/plugins/fr.ac6.mcu.externaltools.arm-none.win32_1.17.0.201812190825/tools/compiler/bin/../lib/gcc/arm-none-eabi/7.3.1/../../../../arm-none-eabi/lib/thumb/v7e-m/fpv4-sp/hard\libc.a(lib_a-init.o)
 .bss           0x00000000        0x0 c:/ac6/systemworkbench/plugins/fr.ac6.mcu.externaltools.arm-none.win32_1.17.0.201812190825/tools/compiler/bin/../lib/gcc/arm-none-eabi/7.3.1/../../../../arm-none-eabi/lib/thumb/v7e-m/fpv4-sp/hard\libc.a(lib_a-init.o)
 .text          0x00000000        0x0 c:/ac6/systemworkbench/plugins/fr.ac6.mcu.externaltools.arm-none.win32_1.17.0.201812190825/tools/compiler/bin/../lib/gcc/arm-none-eabi/7.3.1/../../../../arm-none-eabi/lib/thumb/v7e-m/fpv4-sp/hard\libc.a(lib_a-memset.o)
 .data          0x00000000        0x0 c:/ac6/systemworkbench/plugins/fr.ac6.mcu.externaltools.arm-none.win32_1.17.0.201812190825/tools/compiler/bin/../lib/gcc/arm-none-eabi/7.3.1/../../../../arm-none-eabi/lib/thumb/v7e-m/fpv4-sp/hard\libc.a(lib_a-memset.o)
 .bss           0x00000000        0x0 c:/ac6/systemworkbench/plugins/fr.ac6.mcu.externaltools.arm-none.win32_1.17.0.201812190825/tools/compiler/bin/../lib/gcc/arm-none-eabi/7.3.1/../../../../arm-none-eabi/lib/thumb/v7e-m/fpv4-sp/hard\libc.a(lib_a-memset.o)
 .text.memset   0x00000000       0x94 c:/ac6/systemworkbench/plugins/fr.ac6.mcu.externaltools.arm-none.win32_1.17.0.201812190825/tools/compiler/bin/../lib/gcc/arm-none-eabi/7.3.1/../../../../arm-none-eabi/lib/thumb/v7e-m/fpv4-sp/hard\libc.a(lib_a-memset.o)
 .debug_frame   0x00000000       0x38 c:/ac6/systemworkbench/plugins/fr.ac6.mcu.externaltools.arm-none.win32_1.17.0.201812190825/tools/compiler/bin/../lib/gcc/arm-none-eabi/7.3.1/../../../../arm-none-eabi/lib/thumb/v7e-m/fpv4-sp/hard\libc.a(lib_a-memset.o)
 .ARM.attributes
                0x00000000       0x34 c:/ac6/systemworkbench/plugins/fr.ac6.mcu.externaltools.arm-none.win32_1.17.0.201812190825/tools/compiler/bin/../lib/gcc/arm-none-eabi/7.3.1/../../../../arm-none-eabi/lib/thumb/v7e-m/fpv4-sp/hard\libc.a(lib_a-memset.o)
 .text          0x00000000        0x0 c:/ac6/systemworkbench/plugins/fr.ac6.mcu.externaltools.arm-none.win32_1.17.0.201812190825/tools/compiler/bin/../lib/gcc/arm-none-eabi/7.3.1/../../../../arm-none-eabi/lib/thumb/v7e-m/fpv4-sp/hard\libc.a(lib_a-__call_atexit.o)
 .data          0x00000000        0x0 c:/ac6/systemworkbench/plugins/fr.ac6.mcu.externaltools.arm-none.win32_1.17.0.201812190825/tools/compiler/bin/../lib/gcc/arm-none-eabi/7.3.1/../../../../arm-none-eabi/lib/thumb/v7e-m/fpv4-sp/hard\libc.a(lib_a-__call_atexit.o)
 .bss           0x00000000        0x0 c:/ac6/systemworkbench/plugins/fr.ac6.mcu.externaltools.arm-none.win32_1.17.0.201812190825/tools/compiler/bin/../lib/gcc/arm-none-eabi/7.3.1/../../../../arm-none-eabi/lib/thumb/v7e-m/fpv4-sp/hard\libc.a(lib_a-__call_atexit.o)
 .text.__call_exitprocs
                0x00000000       0xe8 c:/ac6/systemworkbench/plugins/fr.ac6.mcu.externaltools.arm-none.win32_1.17.0.201812190825/tools/compiler/bin/../lib/gcc/arm-none-eabi/7.3.1/../../../../arm-none-eabi/lib/thumb/v7e-m/fpv4-sp/hard\libc.a(lib_a-__call_atexit.o)
 .text          0x00000000        0x0 c:/ac6/systemworkbench/plugins/fr.ac6.mcu.externaltools.arm-none.win32_1.17.0.201812190825/tools/compiler/bin/../lib/gcc/arm-none-eabi/7.3.1/../../../../arm-none-eabi/lib/thumb/v7e-m/fpv4-sp/hard\libc.a(lib_a-atexit.o)
 .data          0x00000000        0x0 c:/ac6/systemworkbench/plugins/fr.ac6.mcu.externaltools.arm-none.win32_1.17.0.201812190825/tools/compiler/bin/../lib/gcc/arm-none-eabi/7.3.1/../../../../arm-none-eabi/lib/thumb/v7e-m/fpv4-sp/hard\libc.a(lib_a-atexit.o)
 .bss           0x00000000        0x0 c:/ac6/systemworkbench/plugins/fr.ac6.mcu.externaltools.arm-none.win32_1.17.0.201812190825/tools/compiler/bin/../lib/gcc/arm-none-eabi/7.3.1/../../../../arm-none-eabi/lib/thumb/v7e-m/fpv4-sp/hard\libc.a(lib_a-atexit.o)
 .text          0x00000000        0x0 c:/ac6/systemworkbench/plugins/fr.ac6.mcu.externaltools.arm-none.win32_1.17.0.201812190825/tools/compiler/bin/../lib/gcc/arm-none-eabi/7.3.1/../../../../arm-none-eabi/lib/thumb/v7e-m/fpv4-sp/hard\libc.a(lib_a-fini.o)
 .data          0x00000000        0x0 c:/ac6/systemworkbench/plugins/fr.ac6.mcu.externaltools.arm-none.win32_1.17.0.201812190825/tools/compiler/bin/../lib/gcc/arm-none-eabi/7.3.1/../../../../arm-none-eabi/lib/thumb/v7e-m/fpv4-sp/hard\libc.a(lib_a-fini.o)
 .bss           0x00000000        0x0 c:/ac6/systemworkbench/plugins/fr.ac6.mcu.externaltools.arm-none.win32_1.17.0.201812190825/tools/compiler/bin/../lib/gcc/arm-none-eabi/7.3.1/../../../../arm-none-eabi/lib/thumb/v7e-m/fpv4-sp/hard\libc.a(lib_a-fini.o)
 .text          0x00000000        0x0 c:/ac6/systemworkbench/plugins/fr.ac6.mcu.externaltools.arm-none.win32_1.17.0.201812190825/tools/compiler/bin/../lib/gcc/arm-none-eabi/7.3.1/../../../../arm-none-eabi/lib/thumb/v7e-m/fpv4-sp/hard\libc.a(lib_a-lock.o)
 .data          0x00000000        0x0 c:/ac6/systemworkbench/plugins/fr.ac6.mcu.externaltools.arm-none.win32_1.17.0.201812190825/tools/compiler/bin/../lib/gcc/arm-none-eabi/7.3.1/../../../../arm-none-eabi/lib/thumb/v7e-m/fpv4-sp/hard\libc.a(lib_a-lock.o)
 .bss           0x00000000        0x0 c:/ac6/systemworkbench/plugins/fr.ac6.mcu.externaltools.arm-none.win32_1.17.0.201812190825/tools/compiler/bin/../lib/gcc/arm-none-eabi/7.3.1/../../../../arm-none-eabi/lib/thumb/v7e-m/fpv4-sp/hard\libc.a(lib_a-lock.o)
 .text.__retarget_lock_init
                0x00000000        0x4 c:/ac6/systemworkbench/plugins/fr.ac6.mcu.externaltools.arm-none.win32_1.17.0.201812190825/tools/compiler/bin/../lib/gcc/arm-none-eabi/7.3.1/../../../../arm-none-eabi/lib/thumb/v7e-m/fpv4-sp/hard\libc.a(lib_a-lock.o)
 .text.__retarget_lock_init_recursive
                0x00000000        0x4 c:/ac6/systemworkbench/plugins/fr.ac6.mcu.externaltools.arm-none.win32_1.17.0.201812190825/tools/compiler/bin/../lib/gcc/arm-none-eabi/7.3.1/../../../../arm-none-eabi/lib/thumb/v7e-m/fpv4-sp/hard\libc.a(lib_a-lock.o)
 .text.__retarget_lock_close
                0x00000000        0x4 c:/ac6/systemworkbench/plugins/fr.ac6.mcu.externaltools.arm-none.win32_1.17.0.201812190825/tools/compiler/bin/../lib/gcc/arm-none-eabi/7.3.1/../../../../arm-none-eabi/lib/thumb/v7e-m/fpv4-sp/hard\libc.a(lib_a-lock.o)
 .text.__retarget_lock_close_recursive
                0x00000000        0x4 c:/ac6/systemworkbench/plugins/fr.ac6.mcu.externaltools.arm-none.win32_1.17.0.201812190825/tools/compiler/bin/../lib/gcc/arm-none-eabi/7.3.1/../../../../arm-none-eabi/lib/thumb/v7e-m/fpv4-sp/hard\libc.a(lib_a-lock.o)
 .text.__retarget_lock_acquire
                0x00000000        0x4 c:/ac6/systemworkbench/plugins/fr.ac6.mcu.externaltools.arm-none.win32_1.17.0.201812190825/tools/compiler/bin/../lib/gcc/arm-none-eabi/7.3.1/../../../../arm-none-eabi/lib/thumb/v7e-m/fpv4-sp/hard\libc.a(lib_a-lock.o)
 .text.__retarget_lock_try_acquire
                0x00000000        0x4 c:/ac6/systemworkbench/plugins/fr.ac6.mcu.externaltools.arm-none.win32_1.17.0.201812190825/tools/compiler/bin/../lib/gcc/arm-none-eabi/7.3.1/../../../../arm-none-eabi/lib/thumb/v7e-m/fpv4-sp/hard\libc.a(lib_a-lock.o)
 .text.__retarget_lock_try_acquire_recursive
                0x00000000        0x4 c:/ac6/systemworkbench/plugins/fr.ac6.mcu.externaltools.arm-none.win32_1.17.0.201812190825/tools/compiler/bin/../lib/gcc/arm-none-eabi/7.3.1/../../../../arm-none-eabi/lib/thumb/v7e-m/fpv4-sp/hard\libc.a(lib_a-lock.o)
 .text.__retarget_lock_release
                0x00000000        0x4 c:/ac6/systemworkbench/plugins/fr.ac6.mcu.externaltools.arm-none.win32_1.17.0.201812190825/tools/compiler/bin/../lib/gcc/arm-none-eabi/7.3.1/../../../../arm-none-eabi/lib/thumb/v7e-m/fpv4-sp/hard\libc.a(lib_a-lock.o)
 .text          0x00000000        0x0 c:/ac6/systemworkbench/plugins/fr.ac6.mcu.externaltools.arm-none.win32_1.17.0.201812190825/tools/compiler/bin/../lib/gcc/arm-none-eabi/7.3.1/../../../../arm-none-eabi/lib/thumb/v7e-m/fpv4-sp/hard\libc.a(lib_a-__atexit.o)
 .data          0x00000000        0x0 c:/ac6/systemworkbench/plugins/fr.ac6.mcu.externaltools.arm-none.win32_1.17.0.201812190825/tools/compiler/bin/../lib/gcc/arm-none-eabi/7.3.1/../../../../arm-none-eabi/lib/thumb/v7e-m/fpv4-sp/hard\libc.a(lib_a-__atexit.o)
 .bss           0x00000000        0x0 c:/ac6/systemworkbench/plugins/fr.ac6.mcu.externaltools.arm-none.win32_1.17.0.201812190825/tools/compiler/bin/../lib/gcc/arm-none-eabi/7.3.1/../../../../arm-none-eabi/lib/thumb/v7e-m/fpv4-sp/hard\libc.a(lib_a-__atexit.o)
 .text          0x00000000        0x0 c:/ac6/systemworkbench/plugins/fr.ac6.mcu.externaltools.arm-none.win32_1.17.0.201812190825/tools/compiler/bin/../lib/gcc/arm-none-eabi/7.3.1/thumb/v7e-m/fpv4-sp/hard/crtend.o
 .data          0x00000000        0x0 c:/ac6/systemworkbench/plugins/fr.ac6.mcu.externaltools.arm-none.win32_1.17.0.201812190825/tools/compiler/bin/../lib/gcc/arm-none-eabi/7.3.1/thumb/v7e-m/fpv4-sp/hard/crtend.o
 .bss           0x00000000        0x0 c:/ac6/systemworkbench/plugins/fr.ac6.mcu.externaltools.arm-none.win32_1.17.0.201812190825/tools/compiler/bin/../lib/gcc/arm-none-eabi/7.3.1/thumb/v7e-m/fpv4-sp/hard/crtend.o
 .eh_frame      0x00000000        0x4 c:/ac6/systemworkbench/plugins/fr.ac6.mcu.externaltools.arm-none.win32_1.17.0.201812190825/tools/compiler/bin/../lib/gcc/arm-none-eabi/7.3.1/thumb/v7e-m/fpv4-sp/hard/crtend.o
 .ARM.attributes
                0x00000000       0x34 c:/ac6/systemworkbench/plugins/fr.ac6.mcu.externaltools.arm-none.win32_1.17.0.201812190825/tools/compiler/bin/../lib/gcc/arm-none-eabi/7.3.1/thumb/v7e-m/fpv4-sp/hard/crtend.o
 .text          0x00000000        0x0 c:/ac6/systemworkbench/plugins/fr.ac6.mcu.externaltools.arm-none.win32_1.17.0.201812190825/tools/compiler/bin/../lib/gcc/arm-none-eabi/7.3.1/thumb/v7e-m/fpv4-sp/hard/crtn.o
 .data          0x00000000        0x0 c:/ac6/systemworkbench/plugins/fr.ac6.mcu.externaltools.arm-none.win32_1.17.0.201812190825/tools/compiler/bin/../lib/gcc/arm-none-eabi/7.3.1/thumb/v7e-m/fpv4-sp/hard/crtn.o
 .bss           0x00000000        0x0 c:/ac6/systemworkbench/plugins/fr.ac6.mcu.externaltools.arm-none.win32_1.17.0.201812190825/tools/compiler/bin/../lib/gcc/arm-none-eabi/7.3.1/thumb/v7e-m/fpv4-sp/hard/crtn.o

Memory Configuration

Name             Origin             Length             Attributes
RAM              0x20000000         0x00008000         xrw
ROM              0x08000000         0x00020000         xr
*default*        0x00000000         0xffffffff

Linker script and memory map

LOAD c:/ac6/systemworkbench/plugins/fr.ac6.mcu.externaltools.arm-none.win32_1.17.0.201812190825/tools/compiler/bin/../lib/gcc/arm-none-eabi/7.3.1/thumb/v7e-m/fpv4-sp/hard/crti.o
LOAD c:/ac6/systemworkbench/plugins/fr.ac6.mcu.externaltools.arm-none.win32_1.17.0.201812190825/tools/compiler/bin/../lib/gcc/arm-none-eabi/7.3.1/thumb/v7e-m/fpv4-sp/hard/crtbegin.o
LOAD c:/ac6/systemworkbench/plugins/fr.ac6.mcu.externaltools.arm-none.win32_1.17.0.201812190825/tools/compiler/bin/../lib/gcc/arm-none-eabi/7.3.1/../../../../arm-none-eabi/lib/thumb/v7e-m/fpv4-sp/hard/crt0.o
LOAD src/DMA_config.o
LOAD src/GPIO_init.o
LOAD src/TIM_config.o
LOAD src/USART_config.o
LOAD src/adc_config.o
LOAD src/main.o
LOAD src/stm32f4xx_it.o
LOAD src/syscalls.o
LOAD src/system_stm32f4xx.o
LOAD startup/startup_stm32f410rx.o
LOAD c:/ac6/systemworkbench/plugins/fr.ac6.mcu.externaltools.arm-none.win32_1.17.0.201812190825/tools/compiler/bin/../lib/gcc/arm-none-eabi/7.3.1/../../../../arm-none-eabi/lib/thumb/v7e-m/fpv4-sp/hard\libm.a
START GROUP
LOAD c:/ac6/systemworkbench/plugins/fr.ac6.mcu.externaltools.arm-none.win32_1.17.0.201812190825/tools/compiler/bin/../lib/gcc/arm-none-eabi/7.3.1/thumb/v7e-m/fpv4-sp/hard\libgcc.a
LOAD c:/ac6/systemworkbench/plugins/fr.ac6.mcu.externaltools.arm-none.win32_1.17.0.201812190825/tools/compiler/bin/../lib/gcc/arm-none-eabi/7.3.1/../../../../arm-none-eabi/lib/thumb/v7e-m/fpv4-sp/hard\libc.a
END GROUP
LOAD c:/ac6/systemworkbench/plugins/fr.ac6.mcu.externaltools.arm-none.win32_1.17.0.201812190825/tools/compiler/bin/../lib/gcc/arm-none-eabi/7.3.1/thumb/v7e-m/fpv4-sp/hard/crtend.o
LOAD c:/ac6/systemworkbench/plugins/fr.ac6.mcu.externaltools.arm-none.win32_1.17.0.201812190825/tools/compiler/bin/../lib/gcc/arm-none-eabi/7.3.1/thumb/v7e-m/fpv4-sp/hard/crtn.o
                0x20008000                _estack = 0x20008000
                0x00000000                _Min_Heap_Size = 0x0
                0x00000400                _Min_Stack_Size = 0x400

.isr_vector     0x08000000      0x1c8
                0x08000000                . = ALIGN (0x4)
 *(.isr_vector)
 .isr_vector    0x08000000      0x1c8 startup/startup_stm32f410rx.o
                0x08000000                g_pfnVectors
                0x080001c8                . = ALIGN (0x4)

.text           0x080001c8      0xb98
                0x080001c8                . = ALIGN (0x4)
 *(.text)
 .text          0x080001c8       0x40 c:/ac6/systemworkbench/plugins/fr.ac6.mcu.externaltools.arm-none.win32_1.17.0.201812190825/tools/compiler/bin/../lib/gcc/arm-none-eabi/7.3.1/thumb/v7e-m/fpv4-sp/hard/crtbegin.o
 *(.text*)
 .text.__NVIC_EnableIRQ
                0x08000208       0x3c src/DMA_config.o
 .text.__NVIC_SetPriority
                0x08000244       0x54 src/DMA_config.o
 .text.DMA2_Stream0_init
                0x08000298       0xb8 src/DMA_config.o
                0x08000298                DMA2_Stream0_init
 .text.send_raw_block
                0x08000350       0x38 src/DMA_config.o
                0x08000350                send_raw_block
 .text.DMA2_Stream0_IRQHandler
                0x08000388       0x50 src/DMA_config.o
                0x08000388                DMA2_Stream0_IRQHandler
 .text.DMA2_Stream7_IRQHandler
                0x080003d8       0x2c src/DMA_config.o
                0x080003d8                DMA2_Stream7_IRQHandler
 .text.GPIO_init
                0x08000404       0xf0 src/GPIO_init.o
                0x08000404                GPIO_init
 .text.__NVIC_EnableIRQ
                0x080004f4       0x3c src/TIM_config.o
 .text.__NVIC_SetPriority
                0x08000530       0x54 src/TIM_config.o
 .text.TIM11_init
                0x08000584       0x60 src/TIM_config.o
                0x08000584                TIM11_init
 .text.TIM1_TRG_COM_TIM11_IRQHandler
                0x080005e4       0x3c src/TIM_config.o
                0x080005e4                TIM1_TRG_COM_TIM11_IRQHandler
 .text.TIM1_CH1_trigger_init
                0x08000620       0xa8 src/TIM_config.o
                0x08000620                TIM1_CH1_trigger_init
 .text.USART1_init
                0x080006c8       0x78 src/USART_config.o
                0x080006c8                USART1_init
 .text.USART1_send
                0x08000740       0x3c src/USART_config.o
                0x08000740                USART1_send
 .text.USART1_DMA_send
                0x0800077c       0xac src/USART_config.o
                0x0800077c                USART1_DMA_send
 .text.ADC1_init
                0x08000828       0xd4 src/adc_config.o
                0x08000828                ADC1_init
 .text.main     0x080008fc       0x44 src/main.o
                0x080008fc                main
 .text.init_function
                0x08000940       0x24 src/main.o
                0x08000940                init_function
 .text.SystemClock_Config
                0x08000964       0x90 src/main.o
                0x08000964                SystemClock_Config
 .text.Configure_Flash_WaitStates
                0x080009f4       0x2c src/main.o
                0x080009f4                Configure_Flash_WaitStates
 .text.SysTick_Handler
                0x08000a20        0xe src/stm32f4xx_it.o
                0x08000a20                SysTick_Handler
 *fill*         0x08000a2e        0x2 
 .text.SystemInit
                0x08000a30       0x6c src/system_stm32f4xx.o
                0x08000a30                SystemInit
 .text.SystemCoreClockUpdate
                0x08000a9c       0xf4 src/system_stm32f4xx.o
                0x08000a9c                SystemCoreClockUpdate
 .text.Reset_Handler
                0x08000b90       0x50 startup/startup_stm32f410rx.o
                0x08000b90                Reset_Handler
 .text.Default_Handler
                0x08000be0        0x2 startup/startup_stm32f410rx.o
                0x08000be0                RTC_Alarm_IRQHandler
                0x08000be0                EXTI2_IRQHandler
                0x08000be0                DebugMon_Handler
                0x08000be0                FMPI2C1_EV_IRQHandler
                0x08000be0                TIM1_CC_IRQHandler
                0x08000be0                DMA2_Stream5_IRQHandler
                0x08000be0                HardFault_Handler
                0x08000be0                DMA1_Stream5_IRQHandler
                0x08000be0                PVD_IRQHandler
                0x08000be0                TAMP_STAMP_IRQHandler
                0x08000be0                PendSV_Handler
                0x08000be0                NMI_Handler
                0x08000be0                EXTI3_IRQHandler
                0x08000be0                EXTI0_IRQHandler
                0x08000be0                I2C2_EV_IRQHandler
                0x08000be0                DMA1_Stream2_IRQHandler
                0x08000be0                FPU_IRQHandler
                0x08000be0                UsageFault_Handler
                0x08000be0                DMA2_Stream2_IRQHandler
                0x08000be0                SPI1_IRQHandler
                0x08000be0                TIM6_DAC_IRQHandler
                0x08000be0                TIM1_BRK_TIM9_IRQHandler
                0x08000be0                DMA2_Stream3_IRQHandler
                0x08000be0                USART6_IRQHandler
                0x08000be0                I2C1_EV_IRQHandler
                0x08000be0                DMA1_Stream6_IRQHandler
                0x08000be0                DMA1_Stream1_IRQHandler
                0x08000be0                RCC_IRQHandler
                0x08000be0                Default_Handler
                0x08000be0                EXTI15_10_IRQHandler
                0x08000be0                ADC_IRQHandler
                0x08000be0                DMA1_Stream7_IRQHandler
                0x08000be0                SPI5_IRQHandler
                0x08000be0                TIM5_IRQHandler
                0x08000be0                EXTI9_5_IRQHandler
                0x08000be0                RTC_WKUP_IRQHandler
                0x08000be0                SPI2_IRQHandler
                0x08000be0                MemManage_Handler
                0x08000be0                DMA1_Stream0_IRQHandler
                0x08000be0                SVC_Handler
                0x08000be0                FMPI2C1_ER_IRQHandler
                0x08000be0                EXTI4_IRQHandler
                0x08000be0                RNG_IRQHandler
                0x08000be0                TIM1_UP_IRQHandler
                0x08000be0                WWDG_IRQHandler
                0x08000be0                EXTI1_IRQHandler
                0x08000be0                USART2_IRQHandler
                0x08000be0                I2C2_ER_IRQHandler
                0x08000be0                DMA2_Stream1_IRQHandler
                0x08000be0                FLASH_IRQHandler
                0x08000be0                DMA2_Stream4_IRQHandler
                0x08000be0                BusFault_Handler
                0x08000be0                USART1_IRQHandler
                0x08000be0                DMA1_Stream4_IRQHandler
                0x08000be0                I2C1_ER_IRQHandler
                0x08000be0                LPTIM1_IRQHandler
                0x08000be0                DMA2_Stream6_IRQHandler
                0x08000be0                DMA1_Stream3_IRQHandler
 *fill*         0x08000be2        0x2 
 .text.__libc_init_array
                0x08000be4       0x48 c:/ac6/systemworkbench/plugins/fr.ac6.mcu.externaltools.arm-none.win32_1.17.0.201812190825/tools/compiler/bin/../lib/gcc/arm-none-eabi/7.3.1/../../../../arm-none-eabi/lib/thumb/v7e-m/fpv4-sp/hard\libc.a(lib_a-init.o)
                0x08000be4                __libc_init_array
 .text.startup.register_fini
                0x08000c2c       0x14 c:/ac6/systemworkbench/plugins/fr.ac6.mcu.externaltools.arm-none.win32_1.17.0.201812190825/tools/compiler/bin/../lib/gcc/arm-none-eabi/7.3.1/../../../../arm-none-eabi/lib/thumb/v7e-m/fpv4-sp/hard\libc.a(lib_a-__call_atexit.o)
 .text.atexit   0x08000c40        0xc c:/ac6/systemworkbench/plugins/fr.ac6.mcu.externaltools.arm-none.win32_1.17.0.201812190825/tools/compiler/bin/../lib/gcc/arm-none-eabi/7.3.1/../../../../arm-none-eabi/lib/thumb/v7e-m/fpv4-sp/hard\libc.a(lib_a-atexit.o)
                0x08000c40                atexit
 .text.__libc_fini_array
                0x08000c4c       0x34 c:/ac6/systemworkbench/plugins/fr.ac6.mcu.externaltools.arm-none.win32_1.17.0.201812190825/tools/compiler/bin/../lib/gcc/arm-none-eabi/7.3.1/../../../../arm-none-eabi/lib/thumb/v7e-m/fpv4-sp/hard\libc.a(lib_a-fini.o)
                0x08000c4c                __libc_fini_array
 .text.__retarget_lock_acquire_recursive
                0x08000c80        0x4 c:/ac6/systemworkbench/plugins/fr.ac6.mcu.externaltools.arm-none.win32_1.17.0.201812190825/tools/compiler/bin/../lib/gcc/arm-none-eabi/7.3.1/../../../../arm-none-eabi/lib/thumb/v7e-m/fpv4-sp/hard\libc.a(lib_a-lock.o)
                0x08000c80                __retarget_lock_acquire_recursive
 .text.__retarget_lock_release_recursive
                0x08000c84        0x4 c:/ac6/systemworkbench/plugins/fr.ac6.mcu.externaltools.arm-none.win32_1.17.0.201812190825/tools/compiler/bin/../lib/gcc/arm-none-eabi/7.3.1/../../../../arm-none-eabi/lib/thumb/v7e-m/fpv4-sp/hard\libc.a(lib_a-lock.o)
                0x08000c84                __retarget_lock_release_recursive
 .text.__register_exitproc
                0x08000c88       0xc0 c:/ac6/systemworkbench/plugins/fr.ac6.mcu.externaltools.arm-none.win32_1.17.0.201812190825/tools/compiler/bin/../lib/gcc/arm-none-eabi/7.3.1/../../../../arm-none-eabi/lib/thumb/v7e-m/fpv4-sp/hard\libc.a(lib_a-__atexit.o)
                0x08000c88                __register_exitproc
 *(.glue_7)
 .glue_7        0x08000d48        0x0 linker stubs
 *(.glue_7t)
 .glue_7t       0x08000d48        0x0 linker stubs
 *(.eh_frame)
 .eh_frame      0x08000d48        0x0 c:/ac6/systemworkbench/plugins/fr.ac6.mcu.externaltools.arm-none.win32_1.17.0.201812190825/tools/compiler/bin/../lib/gcc/arm-none-eabi/7.3.1/thumb/v7e-m/fpv4-sp/hard/crtbegin.o
 *(.init)
 .init          0x08000d48        0x4 c:/ac6/systemworkbench/plugins/fr.ac6.mcu.externaltools.arm-none.win32_1.17.0.201812190825/tools/compiler/bin/../lib/gcc/arm-none-eabi/7.3.1/thumb/v7e-m/fpv4-sp/hard/crti.o
                0x08000d48                _init
 .init          0x08000d4c        0x8 c:/ac6/systemworkbench/plugins/fr.ac6.mcu.externaltools.arm-none.win32_1.17.0.201812190825/tools/compiler/bin/../lib/gcc/arm-none-eabi/7.3.1/thumb/v7e-m/fpv4-sp/hard/crtn.o
 *(.fini)
 .fini          0x08000d54        0x4 c:/ac6/systemworkbench/plugins/fr.ac6.mcu.externaltools.arm-none.win32_1.17.0.201812190825/tools/compiler/bin/../lib/gcc/arm-none-eabi/7.3.1/thumb/v7e-m/fpv4-sp/hard/crti.o
                0x08000d54                _fini
 .fini          0x08000d58        0x8 c:/ac6/systemworkbench/plugins/fr.ac6.mcu.externaltools.arm-none.win32_1.17.0.201812190825/tools/compiler/bin/../lib/gcc/arm-none-eabi/7.3.1/thumb/v7e-m/fpv4-sp/hard/crtn.o
                0x08000d60                . = ALIGN (0x4)
                0x08000d60                _etext = .

.vfp11_veneer   0x08000d60        0x0
 .vfp11_veneer  0x08000d60        0x0 linker stubs

.v4_bx          0x08000d60        0x0
 .v4_bx         0x08000d60        0x0 linker stubs

.iplt           0x08000d60        0x0
 .iplt          0x08000d60        0x0 c:/ac6/systemworkbench/plugins/fr.ac6.mcu.externaltools.arm-none.win32_1.17.0.201812190825/tools/compiler/bin/../lib/gcc/arm-none-eabi/7.3.1/thumb/v7e-m/fpv4-sp/hard/crtbegin.o

.rodata         0x08000d60       0x1c
                0x08000d60                . = ALIGN (0x4)
 *(.rodata)
 .rodata        0x08000d60       0x18 src/system_stm32f4xx.o
                0x08000d60                AHBPrescTable
                0x08000d70                APBPrescTable
 *(.rodata*)
 .rodata._global_impure_ptr
                0x08000d78        0x4 c:/ac6/systemworkbench/plugins/fr.ac6.mcu.externaltools.arm-none.win32_1.17.0.201812190825/tools/compiler/bin/../lib/gcc/arm-none-eabi/7.3.1/../../../../arm-none-eabi/lib/thumb/v7e-m/fpv4-sp/hard\libc.a(lib_a-impure.o)
                0x08000d78                _global_impure_ptr
                0x08000d7c                . = ALIGN (0x4)

.rel.dyn        0x08000d7c        0x0
 .rel.iplt      0x08000d7c        0x0 c:/ac6/systemworkbench/plugins/fr.ac6.mcu.externaltools.arm-none.win32_1.17.0.201812190825/tools/compiler/bin/../lib/gcc/arm-none-eabi/7.3.1/thumb/v7e-m/fpv4-sp/hard/crtbegin.o

.ARM.extab      0x08000d7c        0x0
                0x08000d7c                . = ALIGN (0x4)
 *(.ARM.extab* .gnu.linkonce.armextab.*)
                0x08000d7c                . = ALIGN (0x4)

.ARM            0x08000d7c        0x0
                0x08000d7c                . = ALIGN (0x4)
                0x08000d7c                __exidx_start = .
 *(.ARM.exidx*)
                0x08000d7c                __exidx_end = .
                0x08000d7c                . = ALIGN (0x4)

.preinit_array  0x08000d7c        0x0
                0x08000d7c                . = ALIGN (0x4)
                0x08000d7c                PROVIDE (__preinit_array_start = .)
 *(.preinit_array*)
                0x08000d7c                PROVIDE (__preinit_array_end = .)
                0x08000d7c                . = ALIGN (0x4)

.init_array     0x08000d7c        0x8
                0x08000d7c                . = ALIGN (0x4)
                0x08000d7c                PROVIDE (__init_array_start = .)
 *(SORT_BY_NAME(.init_array.*))
 .init_array.00000
                0x08000d7c        0x4 c:/ac6/systemworkbench/plugins/fr.ac6.mcu.externaltools.arm-none.win32_1.17.0.201812190825/tools/compiler/bin/../lib/gcc/arm-none-eabi/7.3.1/../../../../arm-none-eabi/lib/thumb/v7e-m/fpv4-sp/hard\libc.a(lib_a-__call_atexit.o)
 *(.init_array*)
 .init_array    0x08000d80        0x4 c:/ac6/systemworkbench/plugins/fr.ac6.mcu.externaltools.arm-none.win32_1.17.0.201812190825/tools/compiler/bin/../lib/gcc/arm-none-eabi/7.3.1/thumb/v7e-m/fpv4-sp/hard/crtbegin.o
                0x08000d84                PROVIDE (__init_array_end = .)
                0x08000d84                . = ALIGN (0x4)

.fini_array     0x08000d84        0x4
                0x08000d84                . = ALIGN (0x4)
                0x08000d84                PROVIDE (__fini_array_start = .)
 *(SORT_BY_NAME(.fini_array.*))
 *(.fini_array*)
 .fini_array    0x08000d84        0x4 c:/ac6/systemworkbench/plugins/fr.ac6.mcu.externaltools.arm-none.win32_1.17.0.201812190825/tools/compiler/bin/../lib/gcc/arm-none-eabi/7.3.1/thumb/v7e-m/fpv4-sp/hard/crtbegin.o
                0x08000d88                PROVIDE (__fini_array_end = .)
                0x08000d88                . = ALIGN (0x4)
                0x08000d88                _sidata = LOADADDR (.data)

.data           0x20000000      0x434 load address 0x08000d88
                0x20000000                . = ALIGN (0x4)
                0x20000000                _sdata = .
 *(.data)
 .data          0x20000000        0x4 src/system_stm32f4xx.o
                0x20000000                SystemCoreClock
 *(.data*)
 *fill*         0x20000004        0x4 
 .data.impure_data
                0x20000008      0x428 c:/ac6/systemworkbench/plugins/fr.ac6.mcu.externaltools.arm-none.win32_1.17.0.201812190825/tools/compiler/bin/../lib/gcc/arm-none-eabi/7.3.1/../../../../arm-none-eabi/lib/thumb/v7e-m/fpv4-sp/hard\libc.a(lib_a-impure.o)
 .data.__atexit_recursive_mutex
                0x20000430        0x4 c:/ac6/systemworkbench/plugins/fr.ac6.mcu.externaltools.arm-none.win32_1.17.0.201812190825/tools/compiler/bin/../lib/gcc/arm-none-eabi/7.3.1/../../../../arm-none-eabi/lib/thumb/v7e-m/fpv4-sp/hard\libc.a(lib_a-__call_atexit.o)
                0x20000430                __atexit_recursive_mutex
                0x20000434                . = ALIGN (0x4)
                0x20000434                _edata = .

.igot.plt       0x20000434        0x0 load address 0x080011bc
 .igot.plt      0x20000434        0x0 c:/ac6/systemworkbench/plugins/fr.ac6.mcu.externaltools.arm-none.win32_1.17.0.201812190825/tools/compiler/bin/../lib/gcc/arm-none-eabi/7.3.1/thumb/v7e-m/fpv4-sp/hard/crtbegin.o
                0x20000434                . = ALIGN (0x4)

.bss            0x20000434      0x440 load address 0x080011bc
                0x20000434                _sbss = .
                0x20000434                __bss_start__ = _sbss
 *(.bss)
 .bss           0x20000434       0x1c c:/ac6/systemworkbench/plugins/fr.ac6.mcu.externaltools.arm-none.win32_1.17.0.201812190825/tools/compiler/bin/../lib/gcc/arm-none-eabi/7.3.1/thumb/v7e-m/fpv4-sp/hard/crtbegin.o
 *(.bss*)
 *(COMMON)
 COMMON         0x20000450      0x400 src/DMA_config.o
                0x20000450                adc_buffer
 COMMON         0x20000850       0x21 c:/ac6/systemworkbench/plugins/fr.ac6.mcu.externaltools.arm-none.win32_1.17.0.201812190825/tools/compiler/bin/../lib/gcc/arm-none-eabi/7.3.1/../../../../arm-none-eabi/lib/thumb/v7e-m/fpv4-sp/hard\libc.a(lib_a-lock.o)
                0x20000850                __lock___atexit_recursive_mutex
                0x20000854                __lock___arc4random_mutex
                0x20000858                __lock___env_recursive_mutex
                0x2000085c                __lock___sinit_recursive_mutex
                0x20000860                __lock___malloc_recursive_mutex
                0x20000864                __lock___at_quick_exit_mutex
                0x20000868                __lock___dd_hash_mutex
                0x2000086c                __lock___tz_mutex
                0x20000870                __lock___sfp_recursive_mutex
                0x20000874                . = ALIGN (0x4)
 *fill*         0x20000871        0x3 
                0x20000874                _ebss = .
                0x20000874                __bss_end__ = _ebss

._user_heap_stack
                0x20000874      0x404 load address 0x080011bc
                0x20000878                . = ALIGN (0x8)
 *fill*         0x20000874        0x4 
                0x20000878                PROVIDE (end = .)
                [!provide]                PROVIDE (_end = .)
                0x20000878                . = (. + _Min_Heap_Size)
                0x20000c78                . = (. + _Min_Stack_Size)
 *fill*         0x20000878      0x400 
                0x20000c78                . = ALIGN (0x8)

/DISCARD/
 libc.a(*)
 libm.a(*)
 libgcc.a(*)

.ARM.attributes
                0x00000000       0x30
 *(.ARM.attributes)
 .ARM.attributes
                0x00000000       0x22 c:/ac6/systemworkbench/plugins/fr.ac6.mcu.externaltools.arm-none.win32_1.17.0.201812190825/tools/compiler/bin/../lib/gcc/arm-none-eabi/7.3.1/thumb/v7e-m/fpv4-sp/hard/crti.o
 .ARM.attributes
                0x00000022       0x34 c:/ac6/systemworkbench/plugins/fr.ac6.mcu.externaltools.arm-none.win32_1.17.0.201812190825/tools/compiler/bin/../lib/gcc/arm-none-eabi/7.3.1/thumb/v7e-m/fpv4-sp/hard/crtbegin.o
 .ARM.attributes
                0x00000056       0x39 src/DMA_config.o
 .ARM.attributes
                0x0000008f       0x39 src/GPIO_init.o
 .ARM.attributes
                0x000000c8       0x39 src/TIM_config.o
 .ARM.attributes
                0x00000101       0x39 src/USART_config.o
 .ARM.attributes
                0x0000013a       0x39 src/adc_config.o
 .ARM.attributes
                0x00000173       0x39 src/main.o
 .ARM.attributes
                0x000001ac       0x39 src/stm32f4xx_it.o
 .ARM.attributes
                0x000001e5       0x39 src/system_stm32f4xx.o
 .ARM.attributes
                0x0000021e       0x21 startup/startup_stm32f410rx.o
 .ARM.attributes
                0x0000023f       0x34 c:/ac6/systemworkbench/plugins/fr.ac6.mcu.externaltools.arm-none.win32_1.17.0.201812190825/tools/compiler/bin/../lib/gcc/arm-none-eabi/7.3.1/../../../../arm-none-eabi/lib/thumb/v7e-m/fpv4-sp/hard\libc.a(lib_a-impure.o)
 .ARM.attributes
                0x00000273       0x34 c:/ac6/systemworkbench/plugins/fr.ac6.mcu.externaltools.arm-none.win32_1.17.0.201812190825/tools/compiler/bin/../lib/gcc/arm-none-eabi/7.3.1/../../../../arm-none-eabi/lib/thumb/v7e-m/fpv4-sp/hard\libc.a(lib_a-init.o)
 .ARM.attributes
                0x000002a7       0x34 c:/ac6/systemworkbench/plugins/fr.ac6.mcu.externaltools.arm-none.win32_1.17.0.201812190825/tools/compiler/bin/../lib/gcc/arm-none-eabi/7.3.1/../../../../arm-none-eabi/lib/thumb/v7e-m/fpv4-sp/hard\libc.a(lib_a-__call_atexit.o)
 .ARM.attributes
                0x000002db       0x34 c:/ac6/systemworkbench/plugins/fr.ac6.mcu.externaltools.arm-none.win32_1.17.0.201812190825/tools/compiler/bin/../lib/gcc/arm-none-eabi/7.3.1/../../../../arm-none-eabi/lib/thumb/v7e-m/fpv4-sp/hard\libc.a(lib_a-atexit.o)
 .ARM.attributes
                0x0000030f       0x34 c:/ac6/systemworkbench/plugins/fr.ac6.mcu.externaltools.arm-none.win32_1.17.0.201812190825/tools/compiler/bin/../lib/gcc/arm-none-eabi/7.3.1/../../../../arm-none-eabi/lib/thumb/v7e-m/fpv4-sp/hard\libc.a(lib_a-fini.o)
 .ARM.attributes
                0x00000343       0x34 c:/ac6/systemworkbench/plugins/fr.ac6.mcu.externaltools.arm-none.win32_1.17.0.201812190825/tools/compiler/bin/../lib/gcc/arm-none-eabi/7.3.1/../../../../arm-none-eabi/lib/thumb/v7e-m/fpv4-sp/hard\libc.a(lib_a-lock.o)
 .ARM.attributes
                0x00000377       0x34 c:/ac6/systemworkbench/plugins/fr.ac6.mcu.externaltools.arm-none.win32_1.17.0.201812190825/tools/compiler/bin/../lib/gcc/arm-none-eabi/7.3.1/../../../../arm-none-eabi/lib/thumb/v7e-m/fpv4-sp/hard\libc.a(lib_a-__atexit.o)
 .ARM.attributes
                0x000003ab       0x22 c:/ac6/systemworkbench/plugins/fr.ac6.mcu.externaltools.arm-none.win32_1.17.0.201812190825/tools/compiler/bin/../lib/gcc/arm-none-eabi/7.3.1/thumb/v7e-m/fpv4-sp/hard/crtn.o
OUTPUT(PESTA.elf elf32-littlearm)

.debug_info     0x00000000     0x32a9
 .debug_info    0x00000000      0x999 src/DMA_config.o
 .debug_info    0x00000999      0x35d src/GPIO_init.o
 .debug_info    0x00000cf6      0x972 src/TIM_config.o
 .debug_info    0x00001668      0x42b src/USART_config.o
 .debug_info    0x00001a93      0x419 src/adc_config.o
 .debug_info    0x00001eac      0xdd3 src/main.o
 .debug_info    0x00002c7f      0x124 src/stm32f4xx_it.o
 .debug_info    0x00002da3      0x4e4 src/system_stm32f4xx.o
 .debug_info    0x00003287       0x22 startup/startup_stm32f410rx.o

.debug_abbrev   0x00000000      0xad0
 .debug_abbrev  0x00000000      0x1e2 src/DMA_config.o
 .debug_abbrev  0x000001e2       0xcc src/GPIO_init.o
 .debug_abbrev  0x000002ae      0x1bf src/TIM_config.o
 .debug_abbrev  0x0000046d      0x152 src/USART_config.o
 .debug_abbrev  0x000005bf      0x13a src/adc_config.o
 .debug_abbrev  0x000006f9      0x220 src/main.o
 .debug_abbrev  0x00000919       0x94 src/stm32f4xx_it.o
 .debug_abbrev  0x000009ad      0x111 src/system_stm32f4xx.o
 .debug_abbrev  0x00000abe       0x12 startup/startup_stm32f410rx.o

.debug_aranges  0x00000000      0x1b8
 .debug_aranges
                0x00000000       0x48 src/DMA_config.o
 .debug_aranges
                0x00000048       0x20 src/GPIO_init.o
 .debug_aranges
                0x00000068       0x40 src/TIM_config.o
 .debug_aranges
                0x000000a8       0x38 src/USART_config.o
 .debug_aranges
                0x000000e0       0x28 src/adc_config.o
 .debug_aranges
                0x00000108       0x40 src/main.o
 .debug_aranges
                0x00000148       0x20 src/stm32f4xx_it.o
 .debug_aranges
                0x00000168       0x28 src/system_stm32f4xx.o
 .debug_aranges
                0x00000190       0x28 startup/startup_stm32f410rx.o

.debug_ranges   0x00000000      0x130
 .debug_ranges  0x00000000       0x38 src/DMA_config.o
 .debug_ranges  0x00000038       0x10 src/GPIO_init.o
 .debug_ranges  0x00000048       0x30 src/TIM_config.o
 .debug_ranges  0x00000078       0x28 src/USART_config.o
 .debug_ranges  0x000000a0       0x18 src/adc_config.o
 .debug_ranges  0x000000b8       0x30 src/main.o
 .debug_ranges  0x000000e8       0x10 src/stm32f4xx_it.o
 .debug_ranges  0x000000f8       0x18 src/system_stm32f4xx.o
 .debug_ranges  0x00000110       0x20 startup/startup_stm32f410rx.o

.debug_macro    0x00000000     0xd2bb
 .debug_macro   0x00000000       0xe6 src/DMA_config.o
 .debug_macro   0x000000e6      0xa6c src/DMA_config.o
 .debug_macro   0x00000b52       0x2c src/DMA_config.o
 .debug_macro   0x00000b7e       0x28 src/DMA_config.o
 .debug_macro   0x00000ba6       0x22 src/DMA_config.o
 .debug_macro   0x00000bc8       0x8e src/DMA_config.o
 .debug_macro   0x00000c56       0x51 src/DMA_config.o
 .debug_macro   0x00000ca7       0xef src/DMA_config.o
 .debug_macro   0x00000d96       0x6a src/DMA_config.o
 .debug_macro   0x00000e00      0x1df src/DMA_config.o
 .debug_macro   0x00000fdf       0x1c src/DMA_config.o
 .debug_macro   0x00000ffb       0x22 src/DMA_config.o
 .debug_macro   0x0000101d       0xdf src/DMA_config.o
 .debug_macro   0x000010fc     0x102d src/DMA_config.o
 .debug_macro   0x00002129      0x11f src/DMA_config.o
 .debug_macro   0x00002248     0x9c8f src/DMA_config.o
 .debug_macro   0x0000bed7       0x43 src/DMA_config.o
 .debug_macro   0x0000bf1a       0x10 src/DMA_config.o
 .debug_macro   0x0000bf2a       0x10 src/DMA_config.o
 .debug_macro   0x0000bf3a       0xd8 src/GPIO_init.o
 .debug_macro   0x0000c012       0xd8 src/TIM_config.o
 .debug_macro   0x0000c0ea       0xde src/USART_config.o
 .debug_macro   0x0000c1c8       0xde src/adc_config.o
 .debug_macro   0x0000c2a6      0x259 src/main.o
 .debug_macro   0x0000c4ff       0x16 src/main.o
 .debug_macro   0x0000c515       0x5e src/main.o
 .debug_macro   0x0000c573       0x18 src/main.o
 .debug_macro   0x0000c58b       0x35 src/main.o
 .debug_macro   0x0000c5c0       0x34 src/main.o
 .debug_macro   0x0000c5f4       0x16 src/main.o
 .debug_macro   0x0000c60a       0x97 src/main.o
 .debug_macro   0x0000c6a1      0x32a src/main.o
 .debug_macro   0x0000c9cb       0xfd src/main.o
 .debug_macro   0x0000cac8       0x10 src/main.o
 .debug_macro   0x0000cad8       0x58 src/main.o
 .debug_macro   0x0000cb30       0x1f src/main.o
 .debug_macro   0x0000cb4f       0x43 src/main.o
 .debug_macro   0x0000cb92       0x20 src/main.o
 .debug_macro   0x0000cbb2      0x18e src/main.o
 .debug_macro   0x0000cd40       0x10 src/main.o
 .debug_macro   0x0000cd50       0x1c src/main.o
 .debug_macro   0x0000cd6c       0x52 src/main.o
 .debug_macro   0x0000cdbe       0x40 src/main.o
 .debug_macro   0x0000cdfe       0x10 src/main.o
 .debug_macro   0x0000ce0e       0x40 src/main.o
 .debug_macro   0x0000ce4e       0xd7 src/main.o
 .debug_macro   0x0000cf25       0x1c src/main.o
 .debug_macro   0x0000cf41       0x3d src/main.o
 .debug_macro   0x0000cf7e       0x16 src/main.o
 .debug_macro   0x0000cf94      0x16f src/main.o
 .debug_macro   0x0000d103       0xd8 src/stm32f4xx_it.o
 .debug_macro   0x0000d1db       0xe0 src/system_stm32f4xx.o

.debug_line     0x00000000     0x2427
 .debug_line    0x00000000      0x49e src/DMA_config.o
 .debug_line    0x0000049e      0x413 src/GPIO_init.o
 .debug_line    0x000008b1      0x469 src/TIM_config.o
 .debug_line    0x00000d1a      0x466 src/USART_config.o
 .debug_line    0x00001180      0x439 src/adc_config.o
 .debug_line    0x000015b9      0x5f3 src/main.o
 .debug_line    0x00001bac      0x407 src/stm32f4xx_it.o
 .debug_line    0x00001fb3      0x3f5 src/system_stm32f4xx.o
 .debug_line    0x000023a8       0x7f startup/startup_stm32f410rx.o

.debug_str      0x00000000    0x45e76
 .debug_str     0x00000000    0x41afc src/DMA_config.o
                              0x41d04 (size before relaxing)
 .debug_str     0x00041afc       0x5d src/GPIO_init.o
                              0x417b2 (size before relaxing)
 .debug_str     0x00041b59       0xc0 src/TIM_config.o
                              0x41c68 (size before relaxing)
 .debug_str     0x00041c19       0x69 src/USART_config.o
                              0x41827 (size before relaxing)
 .debug_str     0x00041c82       0x41 src/adc_config.o
                              0x41808 (size before relaxing)
 .debug_str     0x00041cc3     0x40a4 src/main.o
                              0x459e6 (size before relaxing)
 .debug_str     0x00045d67       0x38 src/stm32f4xx_it.o
                              0x416ae (size before relaxing)
 .debug_str     0x00045d9f       0xa8 src/system_stm32f4xx.o
                              0x41851 (size before relaxing)
 .debug_str     0x00045e47       0x2f startup/startup_stm32f410rx.o
                                 0x62 (size before relaxing)

.comment        0x00000000       0x7f
 .comment       0x00000000       0x7f src/DMA_config.o
                                 0x80 (size before relaxing)
 .comment       0x0000007f       0x80 src/GPIO_init.o
 .comment       0x0000007f       0x80 src/TIM_config.o
 .comment       0x0000007f       0x80 src/USART_config.o
 .comment       0x0000007f       0x80 src/adc_config.o
 .comment       0x0000007f       0x80 src/main.o
 .comment       0x0000007f       0x80 src/stm32f4xx_it.o
 .comment       0x0000007f       0x80 src/system_stm32f4xx.o

.debug_frame    0x00000000      0x5c4
 .debug_frame   0x00000000       0xdc src/DMA_config.o
 .debug_frame   0x000000dc       0x30 src/GPIO_init.o
 .debug_frame   0x0000010c       0xc4 src/TIM_config.o
 .debug_frame   0x000001d0       0xa4 src/USART_config.o
 .debug_frame   0x00000274       0x60 src/adc_config.o
 .debug_frame   0x000002d4       0xa8 src/main.o
 .debug_frame   0x0000037c       0x30 src/stm32f4xx_it.o
 .debug_frame   0x000003ac       0x58 src/system_stm32f4xx.o
 .debug_frame   0x00000404       0x2c c:/ac6/systemworkbench/plugins/fr.ac6.mcu.externaltools.arm-none.win32_1.17.0.201812190825/tools/compiler/bin/../lib/gcc/arm-none-eabi/7.3.1/../../../../arm-none-eabi/lib/thumb/v7e-m/fpv4-sp/hard\libc.a(lib_a-init.o)
 .debug_frame   0x00000430       0x5c c:/ac6/systemworkbench/plugins/fr.ac6.mcu.externaltools.arm-none.win32_1.17.0.201812190825/tools/compiler/bin/../lib/gcc/arm-none-eabi/7.3.1/../../../../arm-none-eabi/lib/thumb/v7e-m/fpv4-sp/hard\libc.a(lib_a-__call_atexit.o)
 .debug_frame   0x0000048c       0x20 c:/ac6/systemworkbench/plugins/fr.ac6.mcu.externaltools.arm-none.win32_1.17.0.201812190825/tools/compiler/bin/../lib/gcc/arm-none-eabi/7.3.1/../../../../arm-none-eabi/lib/thumb/v7e-m/fpv4-sp/hard\libc.a(lib_a-atexit.o)
 .debug_frame   0x000004ac       0x34 c:/ac6/systemworkbench/plugins/fr.ac6.mcu.externaltools.arm-none.win32_1.17.0.201812190825/tools/compiler/bin/../lib/gcc/arm-none-eabi/7.3.1/../../../../arm-none-eabi/lib/thumb/v7e-m/fpv4-sp/hard\libc.a(lib_a-fini.o)
 .debug_frame   0x000004e0       0xb0 c:/ac6/systemworkbench/plugins/fr.ac6.mcu.externaltools.arm-none.win32_1.17.0.201812190825/tools/compiler/bin/../lib/gcc/arm-none-eabi/7.3.1/../../../../arm-none-eabi/lib/thumb/v7e-m/fpv4-sp/hard\libc.a(lib_a-lock.o)
 .debug_frame   0x00000590       0x34 c:/ac6/systemworkbench/plugins/fr.ac6.mcu.externaltools.arm-none.win32_1.17.0.201812190825/tools/compiler/bin/../lib/gcc/arm-none-eabi/7.3.1/../../../../arm-none-eabi/lib/thumb/v7e-m/fpv4-sp/hard\libc.a(lib_a-__atexit.o)
